{"transactionDay":1,"AccountId", "Maximum":1.0, "Average", "AA Total Value", "CC Total Value", "FF Total Value"},
{"transactionDay":2,"AccountId", "Maximum":1.3, "Average", "AA Total Value", "CC Total Value", "FF Total Value"},
{"transactionDay":3,"AccountId", "Maximum":3.0, "Average", "AA Total Value", "CC Total Value", "FF Total Value"}

{"transactionDay":1,"accountId":"10","Maximum":1.00,"Average":1.000,"AA Total Value", "CC Total Value", "FF Total Value"},
{"transactionDay":2,"accountId":"10","Maximum":1.00,"Average":1.000,"AA Total Value", "CC Total Value", "FF Total Value"},
{"transactionDay":3,"accountId":"10","Maximum":1.00,"Average":1.000,"AA Total Value", "CC Total Value", "FF Total Value"},
{"transactionDay":4,"accountId":"10","Maximum":1.00,"Average":1.000,"AA Total Value", "CC Total Value", "FF Total Value"},
{"transactionDay":5,"accountId":"10","Maximum":1.00,"Average":1.000,"AA Total Value", "CC Total Value", "FF Total Value"},
{"transactionDay":5,"accountId":"20","Maximum":1.11,"Average":1.110,"AA Total Value", "CC Total Value", "FF Total Value"},
{"transactionDay":6,"accountId":"20","Maximum":1.22,"Average":1.165,"AA Total Value", "CC Total Value", "FF Total Value"},
{"transactionDay":7,"accountId":"20","Maximum":1.33,"Average":1.220,"AA Total Value", "CC Total Value", "FF Total Value"},
{"transactionDay":8,"accountId":"20","Maximum":1.44,"Average":1.275,"AA Total Value", "CC Total Value", "FF Total Value"},
{"transactionDay":9,"accountId":"20","Maximum":1.55,"Average":1.330,"AA Total Value", "CC Total Value", "FF Total Value"},
{"transactionDay":4,"accountId":"30","Maximum":5.00,"Average":5.000,"AA Total Value", "CC Total Value", "FF Total Value"},
{"transactionDay":5,"accountId":"30","Maximum":5.00,"Average":4.500,"AA Total Value", "CC Total Value", "FF Total Value"},
{"transactionDay":6,"accountId":"30","Maximum":5.00,"Average":4.000,"AA Total Value", "CC Total Value", "FF Total Value"},
{"transactionDay":7,"accountId":"30","Maximum":5.00,"Average":3.500,"AA Total Value", "CC Total Value", "FF Total Value"},
{"transactionDay":8,"accountId":"30","Maximum":5.00,"Average":3.000,"AA Total Value", "CC Total Value", "FF Total Value"}