{"transactionDay":1,"totalValue":1.0},
{"transactionDay":2,"totalValue":1.33},
{"transactionDay":3,"totalValue":3.0}