{"transactionDay":1,"totalValue":5.0},
{"transactionDay":2,"totalValue":5.0},
{"transactionDay":3,"totalValue":15.0}